{
  "EuropeanParliamentEmissionPerformanceStandardsEU": [
    {
      "name": "Carbon Monoxide",
      "value": "0"
    },
    {
      "name": "Emission Standards",
      "value": "Euro 6 Standard"
    },
    {
      "name": "Engine Type",
      "value": "PETROL"
    },
    {
      "name": "First Registration Date",
      "value": "2020-06-01"
    },
    {
      "name": "Vehicle Classification Type",
      "value": "M_1_PASSENGERS"
    },
    {
      "name": "Vehicle Registration ID",
      "value": "X1"
    }
  ]
}